[volky 3673837] Hurry changes 2026-03-09 15:59:05
 138 files changed, 0 insertions(+), 0 deletions(-)
 create mode 100644 EXPERIMENTOS/Lovdog_Swampland/VacuaFound_17022026/ExportedPlots/AdS/plot_CSV-10_E-35.pdf
 create mode 100644 EXPERIMENTOS/Lovdog_Swampland/VacuaFound_17022026/ExportedPlots/AdS/plot_CSV-11_E-49.pdf
 create mode 100644 EXPERIMENTOS/Lovdog_Swampland/VacuaFound_17022026/ExportedPlots/AdS/plot_CSV-14_E-13.pdf
 create mode 100644 EXPERIMENTOS/Lovdog_Swampland/VacuaFound_17022026/ExportedPlots/AdS/plot_CSV-14_E-20.pdf
 create mode 100644 EXPERIMENTOS/Lovdog_Swampland/VacuaFound_17022026/ExportedPlots/AdS/plot_CSV-14_E-24.pdf
 create mode 100644 EXPERIMENTOS/Lovdog_Swampland/VacuaFound_17022026/ExportedPlots/AdS/plot_CSV-14_E-40.pdf
 create mode 100644 EXPERIMENTOS/Lovdog_Swampland/VacuaFound_17022026/ExportedPlots/AdS/plot_CSV-14_E-44.pdf
 create mode 100644 EXPERIMENTOS/Lovdog_Swampland/VacuaFound_17022026/ExportedPlots/AdS/plot_CSV-14_E-54.pdf
 create mode 100644 EXPERIMENTOS/Lovdog_Swampland/VacuaFound_17022026/ExportedPlots/AdS/plot_CSV-14_E-56.pdf
 create mode 100644 EXPERIMENTOS/Lovdog_Swampland/VacuaFound_17022026/ExportedPlots/AdS/plot_CSV-14_E-59.pdf
 create mode 100644 EXPERIMENTOS/Lovdog_Swampland/VacuaFound_17022026/ExportedPlots/AdS/plot_CSV-14_E-64.pdf
 create mode 100644 EXPERIMENTOS/Lovdog_Swampland/VacuaFound_17022026/ExportedPlots/AdS/plot_CSV-14_E-79.pdf
 create mode 100644 EXPERIMENTOS/Lovdog_Swampland/VacuaFound_17022026/ExportedPlots/AdS/plot_CSV-14_E-83.pdf
 create mode 100644 EXPERIMENTOS/Lovdog_Swampland/VacuaFound_17022026/ExportedPlots/AdS/plot_CSV-14_E-94.pdf
 create mode 100644 EXPERIMENTOS/Lovdog_Swampland/VacuaFound_17022026/ExportedPlots/AdS/plot_CSV-14_E-95.pdf
 create mode 100644 EXPERIMENTOS/Lovdog_Swampland/VacuaFound_17022026/ExportedPlots/AdS/plot_CSV-16_E-1.pdf
 create mode 100644 EXPERIMENTOS/Lovdog_Swampland/VacuaFound_17022026/ExportedPlots/AdS/plot_CSV-16_E-22.pdf
 create mode 100644 EXPERIMENTOS/Lovdog_Swampland/VacuaFound_17022026/ExportedPlots/AdS/plot_CSV-16_E-28.pdf
 create mode 100644 EXPERIMENTOS/Lovdog_Swampland/VacuaFound_17022026/ExportedPlots/AdS/plot_CSV-16_E-43.pdf
 create mode 100644 EXPERIMENTOS/Lovdog_Swampland/VacuaFound_17022026/ExportedPlots/AdS/plot_CSV-16_E-53.pdf
 create mode 100644 EXPERIMENTOS/Lovdog_Swampland/VacuaFound_17022026/ExportedPlots/AdS/plot_CSV-16_E-56.pdf
 create mode 100644 EXPERIMENTOS/Lovdog_Swampland/VacuaFound_17022026/ExportedPlots/AdS/plot_CSV-16_E-78.pdf
 create mode 100644 EXPERIMENTOS/Lovdog_Swampland/VacuaFound_17022026/ExportedPlots/AdS/plot_CSV-16_E-80.pdf
 create mode 100644 EXPERIMENTOS/Lovdog_Swampland/VacuaFound_17022026/ExportedPlots/AdS/plot_CSV-16_E-88.pdf
 create mode 100644 EXPERIMENTOS/Lovdog_Swampland/VacuaFound_17022026/ExportedPlots/AdS/plot_CSV-16_E-90.pdf
 create mode 100644 EXPERIMENTOS/Lovdog_Swampland/VacuaFound_17022026/ExportedPlots/AdS/plot_CSV-17_E-10.pdf
 create mode 100644 EXPERIMENTOS/Lovdog_Swampland/VacuaFound_17022026/ExportedPlots/AdS/plot_CSV-17_E-11.pdf
 create mode 100644 EXPERIMENTOS/Lovdog_Swampland/VacuaFound_17022026/ExportedPlots/AdS/plot_CSV-17_E-23.pdf
 create mode 100644 EXPERIMENTOS/Lovdog_Swampland/VacuaFound_17022026/ExportedPlots/AdS/plot_CSV-17_E-24.pdf
 create mode 100644 EXPERIMENTOS/Lovdog_Swampland/VacuaFound_17022026/ExportedPlots/AdS/plot_CSV-17_E-30.pdf
 create mode 100644 EXPERIMENTOS/Lovdog_Swampland/VacuaFound_17022026/ExportedPlots/AdS/plot_CSV-17_E-35.pdf
 create mode 100644 EXPERIMENTOS/Lovdog_Swampland/VacuaFound_17022026/ExportedPlots/AdS/plot_CSV-17_E-44.pdf
 create mode 100644 EXPERIMENTOS/Lovdog_Swampland/VacuaFound_17022026/ExportedPlots/AdS/plot_CSV-8_E-69.pdf
 create mode 100644 EXPERIMENTOS/Lovdog_Swampland/VacuaFound_17022026/ExportedPlots/AdS/plot_CSV-8_E-81.pdf
 create mode 100644 EXPERIMENTOS/Lovdog_Swampland/VacuaFound_17022026/ExportedPlots/AdS/plot_CSV-8_E-82.pdf
 create mode 100644 EXPERIMENTOS/Lovdog_Swampland/VacuaFound_17022026/ExportedPlots/AdS/plot_CSV-8_E-91.pdf
 create mode 100644 EXPERIMENTOS/Lovdog_Swampland/VacuaFound_17022026/ExportedPlots/AdS/plot_CSV-8_E-97.pdf
 create mode 100644 EXPERIMENTOS/Lovdog_Swampland/VacuaFound_17022026/ExportedPlots/AdS/plot_CSV-8_E-99.pdf
 create mode 100644 EXPERIMENTOS/Lovdog_Swampland/VacuaFound_17022026/ExportedPlots/AdS/plot_CSV-9_E-12.pdf
 create mode 100644 EXPERIMENTOS/Lovdog_Swampland/VacuaFound_17022026/ExportedPlots/AdS/plot_CSV-9_E-19.pdf
 create mode 100644 EXPERIMENTOS/Lovdog_Swampland/VacuaFound_17022026/ExportedPlots/AdS/plot_CSV-9_E-21.pdf
 create mode 100644 EXPERIMENTOS/Lovdog_Swampland/VacuaFound_17022026/ExportedPlots/AdS/plot_CSV-9_E-22.pdf
 create mode 100644 EXPERIMENTOS/Lovdog_Swampland/VacuaFound_17022026/ExportedPlots/AdS/plot_CSV-9_E-29.pdf
 create mode 100644 EXPERIMENTOS/Lovdog_Swampland/VacuaFound_17022026/ExportedPlots/AdS/plot_CSV-9_E-31.pdf
 create mode 100644 EXPERIMENTOS/Lovdog_Swampland/VacuaFound_17022026/ExportedPlots/AdS/plot_CSV-9_E-66.pdf
 create mode 100644 EXPERIMENTOS/Lovdog_Swampland/VacuaFound_17022026/ExportedPlots/AdS/plot_CSV-9_E-69.pdf
 create mode 100644 EXPERIMENTOS/Lovdog_Swampland/VacuaFound_17022026/ExportedPlots/AdS/plot_CSV-9_E-72.pdf
 create mode 100644 EXPERIMENTOS/Lovdog_Swampland/VacuaFound_17022026/ExportedPlots/AdS/plot_CSV-9_E-85.pdf
 create mode 100644 EXPERIMENTOS/Lovdog_Swampland/VacuaFound_17022026/ExportedPlots/AdS/plot_CSV-9_E-9.pdf
 create mode 100644 EXPERIMENTOS/Lovdog_Swampland/VacuaFound_17022026/ExportedPlots/AdS/plot_CSV-9_E-97.pdf
 create mode 100644 EXPERIMENTOS/Lovdog_Swampland/VacuaFound_17022026/ExportedPlots/dS/plot_CSV-10_E-25.pdf
 create mode 100644 EXPERIMENTOS/Lovdog_Swampland/VacuaFound_17022026/ExportedPlots/dS/plot_CSV-10_E-27.pdf
 create mode 100644 EXPERIMENTOS/Lovdog_Swampland/VacuaFound_17022026/ExportedPlots/dS/plot_CSV-10_E-29.pdf
 create mode 100644 EXPERIMENTOS/Lovdog_Swampland/VacuaFound_17022026/ExportedPlots/dS/plot_CSV-10_E-30.pdf
 create mode 100644 EXPERIMENTOS/Lovdog_Swampland/VacuaFound_17022026/ExportedPlots/dS/plot_CSV-10_E-38.pdf
 create mode 100644 EXPERIMENTOS/Lovdog_Swampland/VacuaFound_17022026/ExportedPlots/dS/plot_CSV-10_E-39.pdf
 create mode 100644 EXPERIMENTOS/Lovdog_Swampland/VacuaFound_17022026/ExportedPlots/dS/plot_CSV-10_E-42.pdf
 create mode 100644 EXPERIMENTOS/Lovdog_Swampland/VacuaFound_17022026/ExportedPlots/dS/plot_CSV-10_E-46.pdf
 create mode 100644 EXPERIMENTOS/Lovdog_Swampland/VacuaFound_17022026/ExportedPlots/dS/plot_CSV-10_E-53.pdf
 create mode 100644 EXPERIMENTOS/Lovdog_Swampland/VacuaFound_17022026/ExportedPlots/dS/plot_CSV-10_E-88.pdf
 create mode 100644 EXPERIMENTOS/Lovdog_Swampland/VacuaFound_17022026/ExportedPlots/dS/plot_CSV-14_E-1.pdf
 create mode 100644 EXPERIMENTOS/Lovdog_Swampland/VacuaFound_17022026/ExportedPlots/dS/plot_CSV-14_E-14.pdf
 create mode 100644 EXPERIMENTOS/Lovdog_Swampland/VacuaFound_17022026/ExportedPlots/dS/plot_CSV-14_E-21.pdf
 create mode 100644 EXPERIMENTOS/Lovdog_Swampland/VacuaFound_17022026/ExportedPlots/dS/plot_CSV-14_E-22.pdf
 create mode 100644 EXPERIMENTOS/Lovdog_Swampland/VacuaFound_17022026/ExportedPlots/dS/plot_CSV-14_E-25.pdf
 create mode 100644 EXPERIMENTOS/Lovdog_Swampland/VacuaFound_17022026/ExportedPlots/dS/plot_CSV-14_E-31.pdf
 create mode 100644 EXPERIMENTOS/Lovdog_Swampland/VacuaFound_17022026/ExportedPlots/dS/plot_CSV-14_E-35.pdf
 create mode 100644 EXPERIMENTOS/Lovdog_Swampland/VacuaFound_17022026/ExportedPlots/dS/plot_CSV-14_E-37.pdf
 create mode 100644 EXPERIMENTOS/Lovdog_Swampland/VacuaFound_17022026/ExportedPlots/dS/plot_CSV-14_E-39.pdf
 create mode 100644 EXPERIMENTOS/Lovdog_Swampland/VacuaFound_17022026/ExportedPlots/dS/plot_CSV-14_E-46.pdf
 create mode 100644 EXPERIMENTOS/Lovdog_Swampland/VacuaFound_17022026/ExportedPlots/dS/plot_CSV-14_E-47.pdf
 create mode 100644 EXPERIMENTOS/Lovdog_Swampland/VacuaFound_17022026/ExportedPlots/dS/plot_CSV-14_E-5.pdf
 create mode 100644 EXPERIMENTOS/Lovdog_Swampland/VacuaFound_17022026/ExportedPlots/dS/plot_CSV-14_E-52.pdf
 create mode 100644 EXPERIMENTOS/Lovdog_Swampland/VacuaFound_17022026/ExportedPlots/dS/plot_CSV-14_E-58.pdf
 create mode 100644 EXPERIMENTOS/Lovdog_Swampland/VacuaFound_17022026/ExportedPlots/dS/plot_CSV-14_E-63.pdf
 create mode 100644 EXPERIMENTOS/Lovdog_Swampland/VacuaFound_17022026/ExportedPlots/dS/plot_CSV-14_E-67.pdf
 create mode 100644 EXPERIMENTOS/Lovdog_Swampland/VacuaFound_17022026/ExportedPlots/dS/plot_CSV-14_E-70.pdf
 create mode 100644 EXPERIMENTOS/Lovdog_Swampland/VacuaFound_17022026/ExportedPlots/dS/plot_CSV-14_E-74.pdf
 create mode 100644 EXPERIMENTOS/Lovdog_Swampland/VacuaFound_17022026/ExportedPlots/dS/plot_CSV-14_E-76.pdf
 create mode 100644 EXPERIMENTOS/Lovdog_Swampland/VacuaFound_17022026/ExportedPlots/dS/plot_CSV-14_E-84.pdf
 create mode 100644 EXPERIMENTOS/Lovdog_Swampland/VacuaFound_17022026/ExportedPlots/dS/plot_CSV-14_E-86.pdf
 create mode 100644 EXPERIMENTOS/Lovdog_Swampland/VacuaFound_17022026/ExportedPlots/dS/plot_CSV-14_E-9.pdf
 create mode 100644 EXPERIMENTOS/Lovdog_Swampland/VacuaFound_17022026/ExportedPlots/dS/plot_CSV-14_E-90.pdf
 create mode 100644 EXPERIMENTOS/Lovdog_Swampland/VacuaFound_17022026/ExportedPlots/dS/plot_CSV-15_E-14.pdf
 create mode 100644 EXPERIMENTOS/Lovdog_Swampland/VacuaFound_17022026/ExportedPlots/dS/plot_CSV-15_E-16.pdf
 create mode 100644 EXPERIMENTOS/Lovdog_Swampland/VacuaFound_17022026/ExportedPlots/dS/plot_CSV-15_E-19.pdf
 create mode 100644 EXPERIMENTOS/Lovdog_Swampland/VacuaFound_17022026/ExportedPlots/dS/plot_CSV-15_E-26.pdf
 create mode 100644 EXPERIMENTOS/Lovdog_Swampland/VacuaFound_17022026/ExportedPlots/dS/plot_CSV-15_E-28.pdf
 create mode 100644 EXPERIMENTOS/Lovdog_Swampland/VacuaFound_17022026/ExportedPlots/dS/plot_CSV-15_E-3.pdf
 create mode 100644 EXPERIMENTOS/Lovdog_Swampland/VacuaFound_17022026/ExportedPlots/dS/plot_CSV-15_E-31.pdf
 create mode 100644 EXPERIMENTOS/Lovdog_Swampland/VacuaFound_17022026/ExportedPlots/dS/plot_CSV-15_E-32.pdf
 create mode 100644 EXPERIMENTOS/Lovdog_Swampland/VacuaFound_17022026/ExportedPlots/dS/plot_CSV-15_E-37.pdf
 create mode 100644 EXPERIMENTOS/Lovdog_Swampland/VacuaFound_17022026/ExportedPlots/dS/plot_CSV-15_E-66.pdf
 create mode 100644 EXPERIMENTOS/Lovdog_Swampland/VacuaFound_17022026/ExportedPlots/dS/plot_CSV-15_E-74.pdf
 create mode 100644 EXPERIMENTOS/Lovdog_Swampland/VacuaFound_17022026/ExportedPlots/dS/plot_CSV-15_E-79.pdf
 create mode 100644 EXPERIMENTOS/Lovdog_Swampland/VacuaFound_17022026/ExportedPlots/dS/plot_CSV-15_E-92.pdf
 create mode 100644 EXPERIMENTOS/Lovdog_Swampland/VacuaFound_17022026/ExportedPlots/dS/plot_CSV-15_E-98.pdf
 create mode 100644 EXPERIMENTOS/Lovdog_Swampland/VacuaFound_17022026/ExportedPlots/dS/plot_CSV-16_E-17.pdf
 create mode 100644 EXPERIMENTOS/Lovdog_Swampland/VacuaFound_17022026/ExportedPlots/dS/plot_CSV-16_E-31.pdf
 create mode 100644 EXPERIMENTOS/Lovdog_Swampland/VacuaFound_17022026/ExportedPlots/dS/plot_CSV-16_E-32.pdf
 create mode 100644 EXPERIMENTOS/Lovdog_Swampland/VacuaFound_17022026/ExportedPlots/dS/plot_CSV-16_E-39.pdf
 create mode 100644 EXPERIMENTOS/Lovdog_Swampland/VacuaFound_17022026/ExportedPlots/dS/plot_CSV-16_E-46.pdf
 create mode 100644 EXPERIMENTOS/Lovdog_Swampland/VacuaFound_17022026/ExportedPlots/dS/plot_CSV-16_E-48.pdf
 create mode 100644 EXPERIMENTOS/Lovdog_Swampland/VacuaFound_17022026/ExportedPlots/dS/plot_CSV-16_E-50.pdf
 create mode 100644 EXPERIMENTOS/Lovdog_Swampland/VacuaFound_17022026/ExportedPlots/dS/plot_CSV-16_E-67.pdf
 create mode 100644 EXPERIMENTOS/Lovdog_Swampland/VacuaFound_17022026/ExportedPlots/dS/plot_CSV-16_E-74.pdf
 create mode 100644 EXPERIMENTOS/Lovdog_Swampland/VacuaFound_17022026/ExportedPlots/dS/plot_CSV-16_E-75.pdf
 create mode 100644 EXPERIMENTOS/Lovdog_Swampland/VacuaFound_17022026/ExportedPlots/dS/plot_CSV-16_E-79.pdf
 create mode 100644 EXPERIMENTOS/Lovdog_Swampland/VacuaFound_17022026/ExportedPlots/dS/plot_CSV-16_E-81.pdf
 create mode 100644 EXPERIMENTOS/Lovdog_Swampland/VacuaFound_17022026/ExportedPlots/dS/plot_CSV-16_E-84.pdf
 create mode 100644 EXPERIMENTOS/Lovdog_Swampland/VacuaFound_17022026/ExportedPlots/dS/plot_CSV-16_E-86.pdf
 create mode 100644 EXPERIMENTOS/Lovdog_Swampland/VacuaFound_17022026/ExportedPlots/dS/plot_CSV-16_E-9.pdf
 create mode 100644 EXPERIMENTOS/Lovdog_Swampland/VacuaFound_17022026/ExportedPlots/dS/plot_CSV-16_E-97.pdf
 create mode 100644 EXPERIMENTOS/Lovdog_Swampland/VacuaFound_17022026/ExportedPlots/dS/plot_CSV-16_E-98.pdf
 create mode 100644 EXPERIMENTOS/Lovdog_Swampland/VacuaFound_17022026/ExportedPlots/dS/plot_CSV-17_E-20.pdf
 create mode 100644 EXPERIMENTOS/Lovdog_Swampland/VacuaFound_17022026/ExportedPlots/dS/plot_CSV-17_E-31.pdf
 create mode 100644 EXPERIMENTOS/Lovdog_Swampland/VacuaFound_17022026/ExportedPlots/dS/plot_CSV-17_E-32.pdf
 create mode 100644 EXPERIMENTOS/Lovdog_Swampland/VacuaFound_17022026/ExportedPlots/dS/plot_CSV-17_E-34.pdf
 create mode 100644 EXPERIMENTOS/Lovdog_Swampland/VacuaFound_17022026/ExportedPlots/dS/plot_CSV-17_E-40.pdf
 create mode 100644 EXPERIMENTOS/Lovdog_Swampland/VacuaFound_17022026/ExportedPlots/dS/plot_CSV-17_E-45.pdf
 create mode 100644 EXPERIMENTOS/Lovdog_Swampland/VacuaFound_17022026/ExportedPlots/dS/plot_CSV-17_E-46.pdf
 create mode 100644 EXPERIMENTOS/Lovdog_Swampland/VacuaFound_17022026/ExportedPlots/dS/plot_CSV-17_E-8.pdf
 create mode 100644 EXPERIMENTOS/Lovdog_Swampland/VacuaFound_17022026/ExportedPlots/dS/plot_CSV-17_E-9.pdf
 create mode 100644 EXPERIMENTOS/Lovdog_Swampland/VacuaFound_17022026/ExportedPlots/dS/plot_CSV-8_E-61.pdf
 create mode 100644 EXPERIMENTOS/Lovdog_Swampland/VacuaFound_17022026/ExportedPlots/dS/plot_CSV-8_E-96.pdf
 create mode 100644 EXPERIMENTOS/Lovdog_Swampland/VacuaFound_17022026/ExportedPlots/dS/plot_CSV-9_E-20.pdf
 create mode 100644 EXPERIMENTOS/Lovdog_Swampland/VacuaFound_17022026/ExportedPlots/dS/plot_CSV-9_E-23.pdf
 create mode 100644 EXPERIMENTOS/Lovdog_Swampland/VacuaFound_17022026/ExportedPlots/dS/plot_CSV-9_E-35.pdf
 create mode 100644 EXPERIMENTOS/Lovdog_Swampland/VacuaFound_17022026/ExportedPlots/dS/plot_CSV-9_E-36.pdf
 create mode 100644 EXPERIMENTOS/Lovdog_Swampland/VacuaFound_17022026/ExportedPlots/dS/plot_CSV-9_E-39.pdf
 create mode 100644 EXPERIMENTOS/Lovdog_Swampland/VacuaFound_17022026/ExportedPlots/dS/plot_CSV-9_E-44.pdf
 create mode 100644 EXPERIMENTOS/Lovdog_Swampland/VacuaFound_17022026/ExportedPlots/dS/plot_CSV-9_E-45.pdf
 create mode 100644 EXPERIMENTOS/Lovdog_Swampland/VacuaFound_17022026/ExportedPlots/dS/plot_CSV-9_E-47.pdf
 create mode 100644 EXPERIMENTOS/Lovdog_Swampland/VacuaFound_17022026/ExportedPlots/dS/plot_CSV-9_E-78.pdf
 create mode 100644 EXPERIMENTOS/Lovdog_Swampland/VacuaFound_17022026/ExportedPlots/dS/plot_CSV-9_E-92.pdf
 create mode 100644 EXPERIMENTOS/Lovdog_Swampland/VacuaFound_17022026/ExportedPlots/dS/plot_CSV-9_E-93.pdf
 create mode 100644 log.log
