Updating c498947..9e4f776
Fast-forward
 .../ExportedPlots/AdS/plot_CSV-0_E-28.pdf          | Bin 21522 -> 21522 bytes
 .../ExportedPlots/AdS/plot_CSV-0_E-71.pdf          | Bin 21476 -> 21476 bytes
 .../ExportedPlots/AdS/plot_CSV-10_E-35.pdf         | Bin 0 -> 20336 bytes
 .../ExportedPlots/AdS/plot_CSV-11_E-49.pdf         | Bin 0 -> 21532 bytes
 .../ExportedPlots/AdS/plot_CSV-14_E-13.pdf         | Bin 0 -> 21672 bytes
 .../ExportedPlots/AdS/plot_CSV-14_E-20.pdf         | Bin 0 -> 21897 bytes
 .../ExportedPlots/AdS/plot_CSV-14_E-24.pdf         | Bin 0 -> 21689 bytes
 .../ExportedPlots/AdS/plot_CSV-14_E-40.pdf         | Bin 0 -> 21839 bytes
 .../ExportedPlots/AdS/plot_CSV-14_E-44.pdf         | Bin 0 -> 21848 bytes
 .../ExportedPlots/AdS/plot_CSV-14_E-54.pdf         | Bin 0 -> 21720 bytes
 .../ExportedPlots/AdS/plot_CSV-14_E-56.pdf         | Bin 0 -> 21579 bytes
 .../ExportedPlots/AdS/plot_CSV-14_E-59.pdf         | Bin 0 -> 21661 bytes
 .../ExportedPlots/AdS/plot_CSV-14_E-64.pdf         | Bin 0 -> 21853 bytes
 .../ExportedPlots/AdS/plot_CSV-14_E-79.pdf         | Bin 0 -> 21795 bytes
 .../ExportedPlots/AdS/plot_CSV-14_E-83.pdf         | Bin 0 -> 21647 bytes
 .../ExportedPlots/AdS/plot_CSV-14_E-94.pdf         | Bin 0 -> 21776 bytes
 .../ExportedPlots/AdS/plot_CSV-14_E-95.pdf         | Bin 0 -> 21668 bytes
 .../ExportedPlots/AdS/plot_CSV-16_E-1.pdf          | Bin 0 -> 21383 bytes
 .../ExportedPlots/AdS/plot_CSV-16_E-22.pdf         | Bin 0 -> 21602 bytes
 .../ExportedPlots/AdS/plot_CSV-16_E-28.pdf         | Bin 0 -> 21617 bytes
 .../ExportedPlots/AdS/plot_CSV-16_E-43.pdf         | Bin 0 -> 21577 bytes
 .../ExportedPlots/AdS/plot_CSV-16_E-53.pdf         | Bin 0 -> 21722 bytes
 .../ExportedPlots/AdS/plot_CSV-16_E-56.pdf         | Bin 0 -> 21564 bytes
 .../ExportedPlots/AdS/plot_CSV-16_E-78.pdf         | Bin 0 -> 21351 bytes
 .../ExportedPlots/AdS/plot_CSV-16_E-80.pdf         | Bin 0 -> 21652 bytes
 .../ExportedPlots/AdS/plot_CSV-16_E-88.pdf         | Bin 0 -> 21684 bytes
 .../ExportedPlots/AdS/plot_CSV-16_E-90.pdf         | Bin 0 -> 21624 bytes
 .../ExportedPlots/AdS/plot_CSV-17_E-10.pdf         | Bin 0 -> 21439 bytes
 .../ExportedPlots/AdS/plot_CSV-17_E-11.pdf         | Bin 0 -> 21675 bytes
 .../ExportedPlots/AdS/plot_CSV-17_E-23.pdf         | Bin 0 -> 21563 bytes
 .../ExportedPlots/AdS/plot_CSV-17_E-24.pdf         | Bin 0 -> 21533 bytes
 .../ExportedPlots/AdS/plot_CSV-17_E-30.pdf         | Bin 0 -> 21606 bytes
 .../ExportedPlots/AdS/plot_CSV-17_E-35.pdf         | Bin 0 -> 21679 bytes
 .../ExportedPlots/AdS/plot_CSV-17_E-44.pdf         | Bin 0 -> 21563 bytes
 .../ExportedPlots/AdS/plot_CSV-17_E-48.pdf         | Bin 0 -> 21588 bytes
 .../ExportedPlots/AdS/plot_CSV-17_E-66.pdf         | Bin 0 -> 21509 bytes
 .../ExportedPlots/AdS/plot_CSV-17_E-84.pdf         | Bin 0 -> 21806 bytes
 .../ExportedPlots/AdS/plot_CSV-17_E-85.pdf         | Bin 0 -> 21718 bytes
 .../ExportedPlots/AdS/plot_CSV-17_E-94.pdf         | Bin 0 -> 21667 bytes
 .../ExportedPlots/AdS/plot_CSV-18_E-2.pdf          | Bin 0 -> 21791 bytes
 .../ExportedPlots/AdS/plot_CSV-18_E-26.pdf         | Bin 0 -> 21562 bytes
 .../ExportedPlots/AdS/plot_CSV-18_E-27.pdf         | Bin 0 -> 21709 bytes
 .../ExportedPlots/AdS/plot_CSV-18_E-72.pdf         | Bin 0 -> 21783 bytes
 .../ExportedPlots/AdS/plot_CSV-18_E-75.pdf         | Bin 0 -> 21806 bytes
 .../ExportedPlots/AdS/plot_CSV-18_E-95.pdf         | Bin 0 -> 21878 bytes
 .../ExportedPlots/AdS/plot_CSV-19_E-10.pdf         | Bin 0 -> 21966 bytes
 .../ExportedPlots/AdS/plot_CSV-19_E-18.pdf         | Bin 0 -> 21732 bytes
 .../ExportedPlots/AdS/plot_CSV-19_E-30.pdf         | Bin 0 -> 21662 bytes
 .../ExportedPlots/AdS/plot_CSV-19_E-88.pdf         | Bin 0 -> 21807 bytes
 .../ExportedPlots/AdS/plot_CSV-1_E-13.pdf          | Bin 21603 -> 21604 bytes
 .../ExportedPlots/AdS/plot_CSV-1_E-17.pdf          | Bin 21660 -> 21661 bytes
 .../ExportedPlots/AdS/plot_CSV-1_E-2.pdf           | Bin 21747 -> 21747 bytes
 .../ExportedPlots/AdS/plot_CSV-1_E-30.pdf          | Bin 21691 -> 21692 bytes
 .../ExportedPlots/AdS/plot_CSV-1_E-6.pdf           | Bin 21686 -> 21685 bytes
 .../ExportedPlots/AdS/plot_CSV-1_E-63.pdf          | Bin 21684 -> 21684 bytes
 .../ExportedPlots/AdS/plot_CSV-1_E-70.pdf          | Bin 21727 -> 21727 bytes
 .../ExportedPlots/AdS/plot_CSV-20_E-26.pdf         | Bin 0 -> 21415 bytes
 .../ExportedPlots/AdS/plot_CSV-20_E-87.pdf         | Bin 0 -> 21411 bytes
 .../ExportedPlots/AdS/plot_CSV-2_E-24.pdf          | Bin 20448 -> 20449 bytes
 .../ExportedPlots/AdS/plot_CSV-8_E-60.pdf          | Bin 8192 -> 21836 bytes
 .../ExportedPlots/AdS/plot_CSV-8_E-69.pdf          | Bin 0 -> 21879 bytes
 .../ExportedPlots/AdS/plot_CSV-8_E-81.pdf          | Bin 0 -> 21567 bytes
 .../ExportedPlots/AdS/plot_CSV-8_E-82.pdf          | Bin 0 -> 21606 bytes
 .../ExportedPlots/AdS/plot_CSV-8_E-91.pdf          | Bin 0 -> 21743 bytes
 .../ExportedPlots/AdS/plot_CSV-8_E-97.pdf          | Bin 0 -> 21935 bytes
 .../ExportedPlots/AdS/plot_CSV-8_E-99.pdf          | Bin 0 -> 21832 bytes
 .../ExportedPlots/AdS/plot_CSV-9_E-12.pdf          | Bin 0 -> 21581 bytes
 .../ExportedPlots/AdS/plot_CSV-9_E-19.pdf          | Bin 0 -> 21548 bytes
 .../ExportedPlots/AdS/plot_CSV-9_E-21.pdf          | Bin 0 -> 21636 bytes
 .../ExportedPlots/AdS/plot_CSV-9_E-22.pdf          | Bin 0 -> 21488 bytes
 .../ExportedPlots/AdS/plot_CSV-9_E-29.pdf          | Bin 0 -> 21625 bytes
 .../ExportedPlots/AdS/plot_CSV-9_E-31.pdf          | Bin 0 -> 21507 bytes
 .../ExportedPlots/AdS/plot_CSV-9_E-66.pdf          | Bin 0 -> 21588 bytes
 .../ExportedPlots/AdS/plot_CSV-9_E-69.pdf          | Bin 0 -> 21602 bytes
 .../ExportedPlots/AdS/plot_CSV-9_E-72.pdf          | Bin 0 -> 21619 bytes
 .../ExportedPlots/AdS/plot_CSV-9_E-85.pdf          | Bin 0 -> 21777 bytes
 .../ExportedPlots/AdS/plot_CSV-9_E-9.pdf           | Bin 0 -> 21378 bytes
 .../ExportedPlots/AdS/plot_CSV-9_E-97.pdf          | Bin 0 -> 21699 bytes
 .../ExportedPlots/dS/plot_CSV-0_E-11.pdf           | Bin 21289 -> 21289 bytes
 .../ExportedPlots/dS/plot_CSV-0_E-14.pdf           | Bin 21410 -> 21410 bytes
 .../ExportedPlots/dS/plot_CSV-0_E-22.pdf           | Bin 21162 -> 21161 bytes
 .../ExportedPlots/dS/plot_CSV-0_E-27.pdf           | Bin 21377 -> 21378 bytes
 .../ExportedPlots/dS/plot_CSV-0_E-3.pdf            | Bin 21165 -> 21165 bytes
 .../ExportedPlots/dS/plot_CSV-0_E-78.pdf           | Bin 21287 -> 21287 bytes
 .../ExportedPlots/dS/plot_CSV-0_E-81.pdf           | Bin 21429 -> 21429 bytes
 .../ExportedPlots/dS/plot_CSV-0_E-97.pdf           | Bin 21478 -> 21478 bytes
 .../ExportedPlots/dS/plot_CSV-10_E-25.pdf          | Bin 0 -> 20356 bytes
 .../ExportedPlots/dS/plot_CSV-10_E-27.pdf          | Bin 0 -> 20393 bytes
 .../ExportedPlots/dS/plot_CSV-10_E-29.pdf          | Bin 0 -> 20577 bytes
 .../ExportedPlots/dS/plot_CSV-10_E-30.pdf          | Bin 0 -> 20576 bytes
 .../ExportedPlots/dS/plot_CSV-10_E-38.pdf          | Bin 0 -> 20345 bytes
 .../ExportedPlots/dS/plot_CSV-10_E-39.pdf          | Bin 0 -> 20540 bytes
 .../ExportedPlots/dS/plot_CSV-10_E-42.pdf          | Bin 0 -> 20432 bytes
 .../ExportedPlots/dS/plot_CSV-10_E-46.pdf          | Bin 0 -> 20368 bytes
 .../ExportedPlots/dS/plot_CSV-10_E-53.pdf          | Bin 0 -> 20512 bytes
 .../ExportedPlots/dS/plot_CSV-10_E-88.pdf          | Bin 0 -> 20543 bytes
 .../ExportedPlots/dS/plot_CSV-14_E-1.pdf           | Bin 0 -> 21554 bytes
 .../ExportedPlots/dS/plot_CSV-14_E-14.pdf          | Bin 0 -> 21529 bytes
 .../ExportedPlots/dS/plot_CSV-14_E-21.pdf          | Bin 0 -> 21770 bytes
 .../ExportedPlots/dS/plot_CSV-14_E-22.pdf          | Bin 0 -> 21727 bytes
 .../ExportedPlots/dS/plot_CSV-14_E-25.pdf          | Bin 0 -> 21644 bytes
 .../ExportedPlots/dS/plot_CSV-14_E-31.pdf          | Bin 0 -> 21795 bytes
 .../ExportedPlots/dS/plot_CSV-14_E-35.pdf          | Bin 0 -> 21807 bytes
 .../ExportedPlots/dS/plot_CSV-14_E-37.pdf          | Bin 0 -> 21789 bytes
 .../ExportedPlots/dS/plot_CSV-14_E-39.pdf          | Bin 0 -> 21676 bytes
 .../ExportedPlots/dS/plot_CSV-14_E-46.pdf          | Bin 0 -> 21668 bytes
 .../ExportedPlots/dS/plot_CSV-14_E-47.pdf          | Bin 0 -> 21845 bytes
 .../ExportedPlots/dS/plot_CSV-14_E-5.pdf           | Bin 0 -> 21929 bytes
 .../ExportedPlots/dS/plot_CSV-14_E-52.pdf          | Bin 0 -> 21772 bytes
 .../ExportedPlots/dS/plot_CSV-14_E-58.pdf          | Bin 0 -> 21871 bytes
 .../ExportedPlots/dS/plot_CSV-14_E-63.pdf          | Bin 0 -> 21868 bytes
 .../ExportedPlots/dS/plot_CSV-14_E-67.pdf          | Bin 0 -> 21866 bytes
 .../ExportedPlots/dS/plot_CSV-14_E-70.pdf          | Bin 0 -> 21716 bytes
 .../ExportedPlots/dS/plot_CSV-14_E-74.pdf          | Bin 0 -> 21658 bytes
 .../ExportedPlots/dS/plot_CSV-14_E-76.pdf          | Bin 0 -> 21740 bytes
 .../ExportedPlots/dS/plot_CSV-14_E-84.pdf          | Bin 0 -> 21519 bytes
 .../ExportedPlots/dS/plot_CSV-14_E-86.pdf          | Bin 0 -> 21738 bytes
 .../ExportedPlots/dS/plot_CSV-14_E-9.pdf           | Bin 0 -> 21673 bytes
 .../ExportedPlots/dS/plot_CSV-14_E-90.pdf          | Bin 0 -> 21871 bytes
 .../ExportedPlots/dS/plot_CSV-15_E-14.pdf          | Bin 0 -> 21401 bytes
 .../ExportedPlots/dS/plot_CSV-15_E-16.pdf          | Bin 0 -> 21652 bytes
 .../ExportedPlots/dS/plot_CSV-15_E-19.pdf          | Bin 0 -> 21183 bytes
 .../ExportedPlots/dS/plot_CSV-15_E-26.pdf          | Bin 0 -> 21260 bytes
 .../ExportedPlots/dS/plot_CSV-15_E-28.pdf          | Bin 0 -> 21420 bytes
 .../ExportedPlots/dS/plot_CSV-15_E-3.pdf           | Bin 0 -> 21763 bytes
 .../ExportedPlots/dS/plot_CSV-15_E-31.pdf          | Bin 0 -> 21413 bytes
 .../ExportedPlots/dS/plot_CSV-15_E-32.pdf          | Bin 0 -> 21346 bytes
 .../ExportedPlots/dS/plot_CSV-15_E-37.pdf          | Bin 0 -> 21345 bytes
 .../ExportedPlots/dS/plot_CSV-15_E-66.pdf          | Bin 0 -> 21320 bytes
 .../ExportedPlots/dS/plot_CSV-15_E-74.pdf          | Bin 0 -> 21238 bytes
 .../ExportedPlots/dS/plot_CSV-15_E-79.pdf          | Bin 0 -> 21339 bytes
 .../ExportedPlots/dS/plot_CSV-15_E-92.pdf          | Bin 0 -> 21217 bytes
 .../ExportedPlots/dS/plot_CSV-15_E-98.pdf          | Bin 0 -> 21487 bytes
 .../ExportedPlots/dS/plot_CSV-16_E-17.pdf          | Bin 0 -> 21684 bytes
 .../ExportedPlots/dS/plot_CSV-16_E-31.pdf          | Bin 0 -> 21492 bytes
 .../ExportedPlots/dS/plot_CSV-16_E-32.pdf          | Bin 0 -> 21638 bytes
 .../ExportedPlots/dS/plot_CSV-16_E-39.pdf          | Bin 0 -> 21404 bytes
 .../ExportedPlots/dS/plot_CSV-16_E-46.pdf          | Bin 0 -> 21478 bytes
 .../ExportedPlots/dS/plot_CSV-16_E-48.pdf          | Bin 0 -> 21356 bytes
 .../ExportedPlots/dS/plot_CSV-16_E-50.pdf          | Bin 0 -> 21496 bytes
 .../ExportedPlots/dS/plot_CSV-16_E-67.pdf          | Bin 0 -> 21624 bytes
 .../ExportedPlots/dS/plot_CSV-16_E-74.pdf          | Bin 0 -> 21509 bytes
 .../ExportedPlots/dS/plot_CSV-16_E-75.pdf          | Bin 0 -> 21604 bytes
 .../ExportedPlots/dS/plot_CSV-16_E-79.pdf          | Bin 0 -> 21352 bytes
 .../ExportedPlots/dS/plot_CSV-16_E-81.pdf          | Bin 0 -> 21590 bytes
 .../ExportedPlots/dS/plot_CSV-16_E-84.pdf          | Bin 0 -> 21478 bytes
 .../ExportedPlots/dS/plot_CSV-16_E-86.pdf          | Bin 0 -> 21655 bytes
 .../ExportedPlots/dS/plot_CSV-16_E-9.pdf           | Bin 0 -> 21584 bytes
 .../ExportedPlots/dS/plot_CSV-16_E-97.pdf          | Bin 0 -> 21523 bytes
 .../ExportedPlots/dS/plot_CSV-16_E-98.pdf          | Bin 0 -> 21553 bytes
 .../ExportedPlots/dS/plot_CSV-17_E-20.pdf          | Bin 0 -> 21476 bytes
 .../ExportedPlots/dS/plot_CSV-17_E-31.pdf          | Bin 0 -> 21470 bytes
 .../ExportedPlots/dS/plot_CSV-17_E-32.pdf          | Bin 0 -> 21470 bytes
 .../ExportedPlots/dS/plot_CSV-17_E-34.pdf          | Bin 0 -> 21341 bytes
 .../ExportedPlots/dS/plot_CSV-17_E-40.pdf          | Bin 0 -> 21512 bytes
 .../ExportedPlots/dS/plot_CSV-17_E-45.pdf          | Bin 0 -> 21406 bytes
 .../ExportedPlots/dS/plot_CSV-17_E-46.pdf          | Bin 0 -> 21487 bytes
 .../ExportedPlots/dS/plot_CSV-17_E-49.pdf          | Bin 0 -> 21436 bytes
 .../ExportedPlots/dS/plot_CSV-17_E-51.pdf          | Bin 0 -> 21513 bytes
 .../ExportedPlots/dS/plot_CSV-17_E-52.pdf          | Bin 0 -> 21376 bytes
 .../ExportedPlots/dS/plot_CSV-17_E-53.pdf          | Bin 0 -> 21441 bytes
 .../ExportedPlots/dS/plot_CSV-17_E-59.pdf          | Bin 0 -> 21566 bytes
 .../ExportedPlots/dS/plot_CSV-17_E-60.pdf          | Bin 0 -> 21331 bytes
 .../ExportedPlots/dS/plot_CSV-17_E-61.pdf          | Bin 0 -> 21356 bytes
 .../ExportedPlots/dS/plot_CSV-17_E-62.pdf          | Bin 0 -> 21272 bytes
 .../ExportedPlots/dS/plot_CSV-17_E-73.pdf          | Bin 0 -> 21238 bytes
 .../ExportedPlots/dS/plot_CSV-17_E-78.pdf          | Bin 0 -> 21531 bytes
 .../ExportedPlots/dS/plot_CSV-17_E-8.pdf           | Bin 0 -> 21358 bytes
 .../ExportedPlots/dS/plot_CSV-17_E-82.pdf          | Bin 0 -> 21589 bytes
 .../ExportedPlots/dS/plot_CSV-17_E-9.pdf           | Bin 0 -> 21545 bytes
 .../ExportedPlots/dS/plot_CSV-17_E-92.pdf          | Bin 0 -> 21472 bytes
 .../ExportedPlots/dS/plot_CSV-17_E-96.pdf          | Bin 0 -> 21407 bytes
 .../ExportedPlots/dS/plot_CSV-17_E-97.pdf          | Bin 0 -> 21580 bytes
 .../ExportedPlots/dS/plot_CSV-17_E-98.pdf          | Bin 0 -> 20723 bytes
 .../ExportedPlots/dS/plot_CSV-18_E-61.pdf          | Bin 0 -> 21710 bytes
 .../ExportedPlots/dS/plot_CSV-19_E-17.pdf          | Bin 0 -> 21630 bytes
 .../ExportedPlots/dS/plot_CSV-19_E-23.pdf          | Bin 0 -> 21784 bytes
 .../ExportedPlots/dS/plot_CSV-19_E-3.pdf           | Bin 0 -> 21884 bytes
 .../ExportedPlots/dS/plot_CSV-19_E-32.pdf          | Bin 0 -> 21574 bytes
 .../ExportedPlots/dS/plot_CSV-19_E-35.pdf          | Bin 0 -> 21769 bytes
 .../ExportedPlots/dS/plot_CSV-19_E-37.pdf          | Bin 0 -> 21928 bytes
 .../ExportedPlots/dS/plot_CSV-19_E-40.pdf          | Bin 0 -> 21865 bytes
 .../ExportedPlots/dS/plot_CSV-19_E-41.pdf          | Bin 0 -> 21687 bytes
 .../ExportedPlots/dS/plot_CSV-19_E-42.pdf          | Bin 0 -> 21778 bytes
 .../ExportedPlots/dS/plot_CSV-19_E-43.pdf          | Bin 0 -> 21765 bytes
 .../ExportedPlots/dS/plot_CSV-19_E-48.pdf          | Bin 0 -> 21889 bytes
 .../ExportedPlots/dS/plot_CSV-19_E-5.pdf           | Bin 0 -> 21884 bytes
 .../ExportedPlots/dS/plot_CSV-19_E-51.pdf          | Bin 0 -> 21827 bytes
 .../ExportedPlots/dS/plot_CSV-19_E-53.pdf          | Bin 0 -> 21638 bytes
 .../ExportedPlots/dS/plot_CSV-19_E-54.pdf          | Bin 0 -> 21670 bytes
 .../ExportedPlots/dS/plot_CSV-19_E-58.pdf          | Bin 0 -> 21612 bytes
 .../ExportedPlots/dS/plot_CSV-19_E-59.pdf          | Bin 0 -> 21756 bytes
 .../ExportedPlots/dS/plot_CSV-19_E-61.pdf          | Bin 0 -> 21631 bytes
 .../ExportedPlots/dS/plot_CSV-19_E-62.pdf          | Bin 0 -> 21742 bytes
 .../ExportedPlots/dS/plot_CSV-19_E-63.pdf          | Bin 0 -> 21577 bytes
 .../ExportedPlots/dS/plot_CSV-19_E-73.pdf          | Bin 0 -> 21616 bytes
 .../ExportedPlots/dS/plot_CSV-19_E-79.pdf          | Bin 0 -> 21770 bytes
 .../ExportedPlots/dS/plot_CSV-19_E-81.pdf          | Bin 0 -> 21966 bytes
 .../ExportedPlots/dS/plot_CSV-19_E-84.pdf          | Bin 0 -> 21624 bytes
 .../ExportedPlots/dS/plot_CSV-19_E-91.pdf          | Bin 0 -> 21791 bytes
 .../ExportedPlots/dS/plot_CSV-19_E-93.pdf          | Bin 0 -> 21663 bytes
 .../ExportedPlots/dS/plot_CSV-19_E-96.pdf          | Bin 0 -> 21828 bytes
 .../ExportedPlots/dS/plot_CSV-1_E-11.pdf           | Bin 21592 -> 21593 bytes
 .../ExportedPlots/dS/plot_CSV-1_E-32.pdf           | Bin 21516 -> 21516 bytes
 .../ExportedPlots/dS/plot_CSV-1_E-33.pdf           | Bin 21469 -> 21470 bytes
 .../ExportedPlots/dS/plot_CSV-1_E-52.pdf           | Bin 21480 -> 21480 bytes
 .../ExportedPlots/dS/plot_CSV-1_E-56.pdf           | Bin 21221 -> 21221 bytes
 .../ExportedPlots/dS/plot_CSV-1_E-69.pdf           | Bin 21660 -> 21659 bytes
 .../ExportedPlots/dS/plot_CSV-1_E-86.pdf           | Bin 21724 -> 21724 bytes
 .../ExportedPlots/dS/plot_CSV-1_E-96.pdf           | Bin 21660 -> 21660 bytes
 .../ExportedPlots/dS/plot_CSV-2_E-1.pdf            | Bin 20252 -> 20252 bytes
 .../ExportedPlots/dS/plot_CSV-2_E-11.pdf           | Bin 20299 -> 20299 bytes
 .../ExportedPlots/dS/plot_CSV-2_E-13.pdf           | Bin 20402 -> 20402 bytes
 .../ExportedPlots/dS/plot_CSV-2_E-16.pdf           | Bin 20219 -> 20220 bytes
 .../ExportedPlots/dS/plot_CSV-2_E-17.pdf           | Bin 20243 -> 20244 bytes
 .../ExportedPlots/dS/plot_CSV-2_E-18.pdf           | Bin 20294 -> 20295 bytes
 .../ExportedPlots/dS/plot_CSV-2_E-19.pdf           | Bin 20224 -> 20224 bytes
 .../ExportedPlots/dS/plot_CSV-2_E-2.pdf            | Bin 20317 -> 20317 bytes
 .../ExportedPlots/dS/plot_CSV-2_E-20.pdf           | Bin 20099 -> 20099 bytes
 .../ExportedPlots/dS/plot_CSV-2_E-21.pdf           | Bin 20008 -> 20009 bytes
 .../ExportedPlots/dS/plot_CSV-2_E-22.pdf           | Bin 20154 -> 20155 bytes
 .../ExportedPlots/dS/plot_CSV-2_E-23.pdf           | Bin 20290 -> 20291 bytes
 .../ExportedPlots/dS/plot_CSV-2_E-26.pdf           | Bin 20324 -> 20325 bytes
 .../ExportedPlots/dS/plot_CSV-2_E-29.pdf           | Bin 20293 -> 20293 bytes
 .../ExportedPlots/dS/plot_CSV-2_E-8.pdf            | Bin 20279 -> 20280 bytes
 .../ExportedPlots/dS/plot_CSV-2_E-9.pdf            | Bin 20168 -> 20169 bytes
 .../ExportedPlots/dS/plot_CSV-8_E-61.pdf           | Bin 0 -> 21592 bytes
 .../ExportedPlots/dS/plot_CSV-8_E-96.pdf           | Bin 0 -> 21840 bytes
 .../ExportedPlots/dS/plot_CSV-9_E-20.pdf           | Bin 0 -> 21535 bytes
 .../ExportedPlots/dS/plot_CSV-9_E-23.pdf           | Bin 0 -> 21647 bytes
 .../ExportedPlots/dS/plot_CSV-9_E-35.pdf           | Bin 0 -> 21526 bytes
 .../ExportedPlots/dS/plot_CSV-9_E-36.pdf           | Bin 0 -> 21615 bytes
 .../ExportedPlots/dS/plot_CSV-9_E-39.pdf           | Bin 0 -> 21659 bytes
 .../ExportedPlots/dS/plot_CSV-9_E-44.pdf           | Bin 0 -> 21440 bytes
 .../ExportedPlots/dS/plot_CSV-9_E-45.pdf           | Bin 0 -> 21640 bytes
 .../ExportedPlots/dS/plot_CSV-9_E-47.pdf           | Bin 0 -> 21696 bytes
 .../ExportedPlots/dS/plot_CSV-9_E-78.pdf           | Bin 0 -> 21473 bytes
 .../ExportedPlots/dS/plot_CSV-9_E-92.pdf           | Bin 0 -> 21508 bytes
 .../ExportedPlots/dS/plot_CSV-9_E-93.pdf           | Bin 0 -> 21635 bytes
 EXPERIMENTOS/handmade-plots/fixed-s-t-paper.qtplt  |  66 ++++++++++
 log.log                                            | 139 +++++++++++++++++++++
 logSaveChanges.sh_09032026160701.log               |  63 ++++++++++
 log_SaveChanges.sh_09032026164731.log              |   0
 structure.liotree                                  |   2 +
 244 files changed, 270 insertions(+)
 create mode 100644 EXPERIMENTOS/Lovdog_Swampland/VacuaFound_17022026/ExportedPlots/AdS/plot_CSV-10_E-35.pdf
 create mode 100644 EXPERIMENTOS/Lovdog_Swampland/VacuaFound_17022026/ExportedPlots/AdS/plot_CSV-11_E-49.pdf
 create mode 100644 EXPERIMENTOS/Lovdog_Swampland/VacuaFound_17022026/ExportedPlots/AdS/plot_CSV-14_E-13.pdf
 create mode 100644 EXPERIMENTOS/Lovdog_Swampland/VacuaFound_17022026/ExportedPlots/AdS/plot_CSV-14_E-20.pdf
 create mode 100644 EXPERIMENTOS/Lovdog_Swampland/VacuaFound_17022026/ExportedPlots/AdS/plot_CSV-14_E-24.pdf
 create mode 100644 EXPERIMENTOS/Lovdog_Swampland/VacuaFound_17022026/ExportedPlots/AdS/plot_CSV-14_E-40.pdf
 create mode 100644 EXPERIMENTOS/Lovdog_Swampland/VacuaFound_17022026/ExportedPlots/AdS/plot_CSV-14_E-44.pdf
 create mode 100644 EXPERIMENTOS/Lovdog_Swampland/VacuaFound_17022026/ExportedPlots/AdS/plot_CSV-14_E-54.pdf
 create mode 100644 EXPERIMENTOS/Lovdog_Swampland/VacuaFound_17022026/ExportedPlots/AdS/plot_CSV-14_E-56.pdf
 create mode 100644 EXPERIMENTOS/Lovdog_Swampland/VacuaFound_17022026/ExportedPlots/AdS/plot_CSV-14_E-59.pdf
 create mode 100644 EXPERIMENTOS/Lovdog_Swampland/VacuaFound_17022026/ExportedPlots/AdS/plot_CSV-14_E-64.pdf
 create mode 100644 EXPERIMENTOS/Lovdog_Swampland/VacuaFound_17022026/ExportedPlots/AdS/plot_CSV-14_E-79.pdf
 create mode 100644 EXPERIMENTOS/Lovdog_Swampland/VacuaFound_17022026/ExportedPlots/AdS/plot_CSV-14_E-83.pdf
 create mode 100644 EXPERIMENTOS/Lovdog_Swampland/VacuaFound_17022026/ExportedPlots/AdS/plot_CSV-14_E-94.pdf
 create mode 100644 EXPERIMENTOS/Lovdog_Swampland/VacuaFound_17022026/ExportedPlots/AdS/plot_CSV-14_E-95.pdf
 create mode 100644 EXPERIMENTOS/Lovdog_Swampland/VacuaFound_17022026/ExportedPlots/AdS/plot_CSV-16_E-1.pdf
 create mode 100644 EXPERIMENTOS/Lovdog_Swampland/VacuaFound_17022026/ExportedPlots/AdS/plot_CSV-16_E-22.pdf
 create mode 100644 EXPERIMENTOS/Lovdog_Swampland/VacuaFound_17022026/ExportedPlots/AdS/plot_CSV-16_E-28.pdf
 create mode 100644 EXPERIMENTOS/Lovdog_Swampland/VacuaFound_17022026/ExportedPlots/AdS/plot_CSV-16_E-43.pdf
 create mode 100644 EXPERIMENTOS/Lovdog_Swampland/VacuaFound_17022026/ExportedPlots/AdS/plot_CSV-16_E-53.pdf
 create mode 100644 EXPERIMENTOS/Lovdog_Swampland/VacuaFound_17022026/ExportedPlots/AdS/plot_CSV-16_E-56.pdf
 create mode 100644 EXPERIMENTOS/Lovdog_Swampland/VacuaFound_17022026/ExportedPlots/AdS/plot_CSV-16_E-78.pdf
 create mode 100644 EXPERIMENTOS/Lovdog_Swampland/VacuaFound_17022026/ExportedPlots/AdS/plot_CSV-16_E-80.pdf
 create mode 100644 EXPERIMENTOS/Lovdog_Swampland/VacuaFound_17022026/ExportedPlots/AdS/plot_CSV-16_E-88.pdf
 create mode 100644 EXPERIMENTOS/Lovdog_Swampland/VacuaFound_17022026/ExportedPlots/AdS/plot_CSV-16_E-90.pdf
 create mode 100644 EXPERIMENTOS/Lovdog_Swampland/VacuaFound_17022026/ExportedPlots/AdS/plot_CSV-17_E-10.pdf
 create mode 100644 EXPERIMENTOS/Lovdog_Swampland/VacuaFound_17022026/ExportedPlots/AdS/plot_CSV-17_E-11.pdf
 create mode 100644 EXPERIMENTOS/Lovdog_Swampland/VacuaFound_17022026/ExportedPlots/AdS/plot_CSV-17_E-23.pdf
 create mode 100644 EXPERIMENTOS/Lovdog_Swampland/VacuaFound_17022026/ExportedPlots/AdS/plot_CSV-17_E-24.pdf
 create mode 100644 EXPERIMENTOS/Lovdog_Swampland/VacuaFound_17022026/ExportedPlots/AdS/plot_CSV-17_E-30.pdf
 create mode 100644 EXPERIMENTOS/Lovdog_Swampland/VacuaFound_17022026/ExportedPlots/AdS/plot_CSV-17_E-35.pdf
 create mode 100644 EXPERIMENTOS/Lovdog_Swampland/VacuaFound_17022026/ExportedPlots/AdS/plot_CSV-17_E-44.pdf
 create mode 100644 EXPERIMENTOS/Lovdog_Swampland/VacuaFound_17022026/ExportedPlots/AdS/plot_CSV-17_E-48.pdf
 create mode 100644 EXPERIMENTOS/Lovdog_Swampland/VacuaFound_17022026/ExportedPlots/AdS/plot_CSV-17_E-66.pdf
 create mode 100644 EXPERIMENTOS/Lovdog_Swampland/VacuaFound_17022026/ExportedPlots/AdS/plot_CSV-17_E-84.pdf
 create mode 100644 EXPERIMENTOS/Lovdog_Swampland/VacuaFound_17022026/ExportedPlots/AdS/plot_CSV-17_E-85.pdf
 create mode 100644 EXPERIMENTOS/Lovdog_Swampland/VacuaFound_17022026/ExportedPlots/AdS/plot_CSV-17_E-94.pdf
 create mode 100644 EXPERIMENTOS/Lovdog_Swampland/VacuaFound_17022026/ExportedPlots/AdS/plot_CSV-18_E-2.pdf
 create mode 100644 EXPERIMENTOS/Lovdog_Swampland/VacuaFound_17022026/ExportedPlots/AdS/plot_CSV-18_E-26.pdf
 create mode 100644 EXPERIMENTOS/Lovdog_Swampland/VacuaFound_17022026/ExportedPlots/AdS/plot_CSV-18_E-27.pdf
 create mode 100644 EXPERIMENTOS/Lovdog_Swampland/VacuaFound_17022026/ExportedPlots/AdS/plot_CSV-18_E-72.pdf
 create mode 100644 EXPERIMENTOS/Lovdog_Swampland/VacuaFound_17022026/ExportedPlots/AdS/plot_CSV-18_E-75.pdf
 create mode 100644 EXPERIMENTOS/Lovdog_Swampland/VacuaFound_17022026/ExportedPlots/AdS/plot_CSV-18_E-95.pdf
 create mode 100644 EXPERIMENTOS/Lovdog_Swampland/VacuaFound_17022026/ExportedPlots/AdS/plot_CSV-19_E-10.pdf
 create mode 100644 EXPERIMENTOS/Lovdog_Swampland/VacuaFound_17022026/ExportedPlots/AdS/plot_CSV-19_E-18.pdf
 create mode 100644 EXPERIMENTOS/Lovdog_Swampland/VacuaFound_17022026/ExportedPlots/AdS/plot_CSV-19_E-30.pdf
 create mode 100644 EXPERIMENTOS/Lovdog_Swampland/VacuaFound_17022026/ExportedPlots/AdS/plot_CSV-19_E-88.pdf
 create mode 100644 EXPERIMENTOS/Lovdog_Swampland/VacuaFound_17022026/ExportedPlots/AdS/plot_CSV-20_E-26.pdf
 create mode 100644 EXPERIMENTOS/Lovdog_Swampland/VacuaFound_17022026/ExportedPlots/AdS/plot_CSV-20_E-87.pdf
 create mode 100644 EXPERIMENTOS/Lovdog_Swampland/VacuaFound_17022026/ExportedPlots/AdS/plot_CSV-8_E-69.pdf
 create mode 100644 EXPERIMENTOS/Lovdog_Swampland/VacuaFound_17022026/ExportedPlots/AdS/plot_CSV-8_E-81.pdf
 create mode 100644 EXPERIMENTOS/Lovdog_Swampland/VacuaFound_17022026/ExportedPlots/AdS/plot_CSV-8_E-82.pdf
 create mode 100644 EXPERIMENTOS/Lovdog_Swampland/VacuaFound_17022026/ExportedPlots/AdS/plot_CSV-8_E-91.pdf
 create mode 100644 EXPERIMENTOS/Lovdog_Swampland/VacuaFound_17022026/ExportedPlots/AdS/plot_CSV-8_E-97.pdf
 create mode 100644 EXPERIMENTOS/Lovdog_Swampland/VacuaFound_17022026/ExportedPlots/AdS/plot_CSV-8_E-99.pdf
 create mode 100644 EXPERIMENTOS/Lovdog_Swampland/VacuaFound_17022026/ExportedPlots/AdS/plot_CSV-9_E-12.pdf
 create mode 100644 EXPERIMENTOS/Lovdog_Swampland/VacuaFound_17022026/ExportedPlots/AdS/plot_CSV-9_E-19.pdf
 create mode 100644 EXPERIMENTOS/Lovdog_Swampland/VacuaFound_17022026/ExportedPlots/AdS/plot_CSV-9_E-21.pdf
 create mode 100644 EXPERIMENTOS/Lovdog_Swampland/VacuaFound_17022026/ExportedPlots/AdS/plot_CSV-9_E-22.pdf
 create mode 100644 EXPERIMENTOS/Lovdog_Swampland/VacuaFound_17022026/ExportedPlots/AdS/plot_CSV-9_E-29.pdf
 create mode 100644 EXPERIMENTOS/Lovdog_Swampland/VacuaFound_17022026/ExportedPlots/AdS/plot_CSV-9_E-31.pdf
 create mode 100644 EXPERIMENTOS/Lovdog_Swampland/VacuaFound_17022026/ExportedPlots/AdS/plot_CSV-9_E-66.pdf
 create mode 100644 EXPERIMENTOS/Lovdog_Swampland/VacuaFound_17022026/ExportedPlots/AdS/plot_CSV-9_E-69.pdf
 create mode 100644 EXPERIMENTOS/Lovdog_Swampland/VacuaFound_17022026/ExportedPlots/AdS/plot_CSV-9_E-72.pdf
 create mode 100644 EXPERIMENTOS/Lovdog_Swampland/VacuaFound_17022026/ExportedPlots/AdS/plot_CSV-9_E-85.pdf
 create mode 100644 EXPERIMENTOS/Lovdog_Swampland/VacuaFound_17022026/ExportedPlots/AdS/plot_CSV-9_E-9.pdf
 create mode 100644 EXPERIMENTOS/Lovdog_Swampland/VacuaFound_17022026/ExportedPlots/AdS/plot_CSV-9_E-97.pdf
 create mode 100644 EXPERIMENTOS/Lovdog_Swampland/VacuaFound_17022026/ExportedPlots/dS/plot_CSV-10_E-25.pdf
 create mode 100644 EXPERIMENTOS/Lovdog_Swampland/VacuaFound_17022026/ExportedPlots/dS/plot_CSV-10_E-27.pdf
 create mode 100644 EXPERIMENTOS/Lovdog_Swampland/VacuaFound_17022026/ExportedPlots/dS/plot_CSV-10_E-29.pdf
 create mode 100644 EXPERIMENTOS/Lovdog_Swampland/VacuaFound_17022026/ExportedPlots/dS/plot_CSV-10_E-30.pdf
 create mode 100644 EXPERIMENTOS/Lovdog_Swampland/VacuaFound_17022026/ExportedPlots/dS/plot_CSV-10_E-38.pdf
 create mode 100644 EXPERIMENTOS/Lovdog_Swampland/VacuaFound_17022026/ExportedPlots/dS/plot_CSV-10_E-39.pdf
 create mode 100644 EXPERIMENTOS/Lovdog_Swampland/VacuaFound_17022026/ExportedPlots/dS/plot_CSV-10_E-42.pdf
 create mode 100644 EXPERIMENTOS/Lovdog_Swampland/VacuaFound_17022026/ExportedPlots/dS/plot_CSV-10_E-46.pdf
 create mode 100644 EXPERIMENTOS/Lovdog_Swampland/VacuaFound_17022026/ExportedPlots/dS/plot_CSV-10_E-53.pdf
 create mode 100644 EXPERIMENTOS/Lovdog_Swampland/VacuaFound_17022026/ExportedPlots/dS/plot_CSV-10_E-88.pdf
 create mode 100644 EXPERIMENTOS/Lovdog_Swampland/VacuaFound_17022026/ExportedPlots/dS/plot_CSV-14_E-1.pdf
 create mode 100644 EXPERIMENTOS/Lovdog_Swampland/VacuaFound_17022026/ExportedPlots/dS/plot_CSV-14_E-14.pdf
 create mode 100644 EXPERIMENTOS/Lovdog_Swampland/VacuaFound_17022026/ExportedPlots/dS/plot_CSV-14_E-21.pdf
 create mode 100644 EXPERIMENTOS/Lovdog_Swampland/VacuaFound_17022026/ExportedPlots/dS/plot_CSV-14_E-22.pdf
 create mode 100644 EXPERIMENTOS/Lovdog_Swampland/VacuaFound_17022026/ExportedPlots/dS/plot_CSV-14_E-25.pdf
 create mode 100644 EXPERIMENTOS/Lovdog_Swampland/VacuaFound_17022026/ExportedPlots/dS/plot_CSV-14_E-31.pdf
 create mode 100644 EXPERIMENTOS/Lovdog_Swampland/VacuaFound_17022026/ExportedPlots/dS/plot_CSV-14_E-35.pdf
 create mode 100644 EXPERIMENTOS/Lovdog_Swampland/VacuaFound_17022026/ExportedPlots/dS/plot_CSV-14_E-37.pdf
 create mode 100644 EXPERIMENTOS/Lovdog_Swampland/VacuaFound_17022026/ExportedPlots/dS/plot_CSV-14_E-39.pdf
 create mode 100644 EXPERIMENTOS/Lovdog_Swampland/VacuaFound_17022026/ExportedPlots/dS/plot_CSV-14_E-46.pdf
 create mode 100644 EXPERIMENTOS/Lovdog_Swampland/VacuaFound_17022026/ExportedPlots/dS/plot_CSV-14_E-47.pdf
 create mode 100644 EXPERIMENTOS/Lovdog_Swampland/VacuaFound_17022026/ExportedPlots/dS/plot_CSV-14_E-5.pdf
 create mode 100644 EXPERIMENTOS/Lovdog_Swampland/VacuaFound_17022026/ExportedPlots/dS/plot_CSV-14_E-52.pdf
 create mode 100644 EXPERIMENTOS/Lovdog_Swampland/VacuaFound_17022026/ExportedPlots/dS/plot_CSV-14_E-58.pdf
 create mode 100644 EXPERIMENTOS/Lovdog_Swampland/VacuaFound_17022026/ExportedPlots/dS/plot_CSV-14_E-63.pdf
 create mode 100644 EXPERIMENTOS/Lovdog_Swampland/VacuaFound_17022026/ExportedPlots/dS/plot_CSV-14_E-67.pdf
 create mode 100644 EXPERIMENTOS/Lovdog_Swampland/VacuaFound_17022026/ExportedPlots/dS/plot_CSV-14_E-70.pdf
 create mode 100644 EXPERIMENTOS/Lovdog_Swampland/VacuaFound_17022026/ExportedPlots/dS/plot_CSV-14_E-74.pdf
 create mode 100644 EXPERIMENTOS/Lovdog_Swampland/VacuaFound_17022026/ExportedPlots/dS/plot_CSV-14_E-76.pdf
 create mode 100644 EXPERIMENTOS/Lovdog_Swampland/VacuaFound_17022026/ExportedPlots/dS/plot_CSV-14_E-84.pdf
 create mode 100644 EXPERIMENTOS/Lovdog_Swampland/VacuaFound_17022026/ExportedPlots/dS/plot_CSV-14_E-86.pdf
 create mode 100644 EXPERIMENTOS/Lovdog_Swampland/VacuaFound_17022026/ExportedPlots/dS/plot_CSV-14_E-9.pdf
 create mode 100644 EXPERIMENTOS/Lovdog_Swampland/VacuaFound_17022026/ExportedPlots/dS/plot_CSV-14_E-90.pdf
 create mode 100644 EXPERIMENTOS/Lovdog_Swampland/VacuaFound_17022026/ExportedPlots/dS/plot_CSV-15_E-14.pdf
 create mode 100644 EXPERIMENTOS/Lovdog_Swampland/VacuaFound_17022026/ExportedPlots/dS/plot_CSV-15_E-16.pdf
 create mode 100644 EXPERIMENTOS/Lovdog_Swampland/VacuaFound_17022026/ExportedPlots/dS/plot_CSV-15_E-19.pdf
 create mode 100644 EXPERIMENTOS/Lovdog_Swampland/VacuaFound_17022026/ExportedPlots/dS/plot_CSV-15_E-26.pdf
 create mode 100644 EXPERIMENTOS/Lovdog_Swampland/VacuaFound_17022026/ExportedPlots/dS/plot_CSV-15_E-28.pdf
 create mode 100644 EXPERIMENTOS/Lovdog_Swampland/VacuaFound_17022026/ExportedPlots/dS/plot_CSV-15_E-3.pdf
 create mode 100644 EXPERIMENTOS/Lovdog_Swampland/VacuaFound_17022026/ExportedPlots/dS/plot_CSV-15_E-31.pdf
 create mode 100644 EXPERIMENTOS/Lovdog_Swampland/VacuaFound_17022026/ExportedPlots/dS/plot_CSV-15_E-32.pdf
 create mode 100644 EXPERIMENTOS/Lovdog_Swampland/VacuaFound_17022026/ExportedPlots/dS/plot_CSV-15_E-37.pdf
 create mode 100644 EXPERIMENTOS/Lovdog_Swampland/VacuaFound_17022026/ExportedPlots/dS/plot_CSV-15_E-66.pdf
 create mode 100644 EXPERIMENTOS/Lovdog_Swampland/VacuaFound_17022026/ExportedPlots/dS/plot_CSV-15_E-74.pdf
 create mode 100644 EXPERIMENTOS/Lovdog_Swampland/VacuaFound_17022026/ExportedPlots/dS/plot_CSV-15_E-79.pdf
 create mode 100644 EXPERIMENTOS/Lovdog_Swampland/VacuaFound_17022026/ExportedPlots/dS/plot_CSV-15_E-92.pdf
 create mode 100644 EXPERIMENTOS/Lovdog_Swampland/VacuaFound_17022026/ExportedPlots/dS/plot_CSV-15_E-98.pdf
 create mode 100644 EXPERIMENTOS/Lovdog_Swampland/VacuaFound_17022026/ExportedPlots/dS/plot_CSV-16_E-17.pdf
 create mode 100644 EXPERIMENTOS/Lovdog_Swampland/VacuaFound_17022026/ExportedPlots/dS/plot_CSV-16_E-31.pdf
 create mode 100644 EXPERIMENTOS/Lovdog_Swampland/VacuaFound_17022026/ExportedPlots/dS/plot_CSV-16_E-32.pdf
 create mode 100644 EXPERIMENTOS/Lovdog_Swampland/VacuaFound_17022026/ExportedPlots/dS/plot_CSV-16_E-39.pdf
 create mode 100644 EXPERIMENTOS/Lovdog_Swampland/VacuaFound_17022026/ExportedPlots/dS/plot_CSV-16_E-46.pdf
 create mode 100644 EXPERIMENTOS/Lovdog_Swampland/VacuaFound_17022026/ExportedPlots/dS/plot_CSV-16_E-48.pdf
 create mode 100644 EXPERIMENTOS/Lovdog_Swampland/VacuaFound_17022026/ExportedPlots/dS/plot_CSV-16_E-50.pdf
 create mode 100644 EXPERIMENTOS/Lovdog_Swampland/VacuaFound_17022026/ExportedPlots/dS/plot_CSV-16_E-67.pdf
 create mode 100644 EXPERIMENTOS/Lovdog_Swampland/VacuaFound_17022026/ExportedPlots/dS/plot_CSV-16_E-74.pdf
 create mode 100644 EXPERIMENTOS/Lovdog_Swampland/VacuaFound_17022026/ExportedPlots/dS/plot_CSV-16_E-75.pdf
 create mode 100644 EXPERIMENTOS/Lovdog_Swampland/VacuaFound_17022026/ExportedPlots/dS/plot_CSV-16_E-79.pdf
 create mode 100644 EXPERIMENTOS/Lovdog_Swampland/VacuaFound_17022026/ExportedPlots/dS/plot_CSV-16_E-81.pdf
 create mode 100644 EXPERIMENTOS/Lovdog_Swampland/VacuaFound_17022026/ExportedPlots/dS/plot_CSV-16_E-84.pdf
 create mode 100644 EXPERIMENTOS/Lovdog_Swampland/VacuaFound_17022026/ExportedPlots/dS/plot_CSV-16_E-86.pdf
 create mode 100644 EXPERIMENTOS/Lovdog_Swampland/VacuaFound_17022026/ExportedPlots/dS/plot_CSV-16_E-9.pdf
 create mode 100644 EXPERIMENTOS/Lovdog_Swampland/VacuaFound_17022026/ExportedPlots/dS/plot_CSV-16_E-97.pdf
 create mode 100644 EXPERIMENTOS/Lovdog_Swampland/VacuaFound_17022026/ExportedPlots/dS/plot_CSV-16_E-98.pdf
 create mode 100644 EXPERIMENTOS/Lovdog_Swampland/VacuaFound_17022026/ExportedPlots/dS/plot_CSV-17_E-20.pdf
 create mode 100644 EXPERIMENTOS/Lovdog_Swampland/VacuaFound_17022026/ExportedPlots/dS/plot_CSV-17_E-31.pdf
 create mode 100644 EXPERIMENTOS/Lovdog_Swampland/VacuaFound_17022026/ExportedPlots/dS/plot_CSV-17_E-32.pdf
 create mode 100644 EXPERIMENTOS/Lovdog_Swampland/VacuaFound_17022026/ExportedPlots/dS/plot_CSV-17_E-34.pdf
 create mode 100644 EXPERIMENTOS/Lovdog_Swampland/VacuaFound_17022026/ExportedPlots/dS/plot_CSV-17_E-40.pdf
 create mode 100644 EXPERIMENTOS/Lovdog_Swampland/VacuaFound_17022026/ExportedPlots/dS/plot_CSV-17_E-45.pdf
 create mode 100644 EXPERIMENTOS/Lovdog_Swampland/VacuaFound_17022026/ExportedPlots/dS/plot_CSV-17_E-46.pdf
 create mode 100644 EXPERIMENTOS/Lovdog_Swampland/VacuaFound_17022026/ExportedPlots/dS/plot_CSV-17_E-49.pdf
 create mode 100644 EXPERIMENTOS/Lovdog_Swampland/VacuaFound_17022026/ExportedPlots/dS/plot_CSV-17_E-51.pdf
 create mode 100644 EXPERIMENTOS/Lovdog_Swampland/VacuaFound_17022026/ExportedPlots/dS/plot_CSV-17_E-52.pdf
 create mode 100644 EXPERIMENTOS/Lovdog_Swampland/VacuaFound_17022026/ExportedPlots/dS/plot_CSV-17_E-53.pdf
 create mode 100644 EXPERIMENTOS/Lovdog_Swampland/VacuaFound_17022026/ExportedPlots/dS/plot_CSV-17_E-59.pdf
 create mode 100644 EXPERIMENTOS/Lovdog_Swampland/VacuaFound_17022026/ExportedPlots/dS/plot_CSV-17_E-60.pdf
 create mode 100644 EXPERIMENTOS/Lovdog_Swampland/VacuaFound_17022026/ExportedPlots/dS/plot_CSV-17_E-61.pdf
 create mode 100644 EXPERIMENTOS/Lovdog_Swampland/VacuaFound_17022026/ExportedPlots/dS/plot_CSV-17_E-62.pdf
 create mode 100644 EXPERIMENTOS/Lovdog_Swampland/VacuaFound_17022026/ExportedPlots/dS/plot_CSV-17_E-73.pdf
 create mode 100644 EXPERIMENTOS/Lovdog_Swampland/VacuaFound_17022026/ExportedPlots/dS/plot_CSV-17_E-78.pdf
 create mode 100644 EXPERIMENTOS/Lovdog_Swampland/VacuaFound_17022026/ExportedPlots/dS/plot_CSV-17_E-8.pdf
 create mode 100644 EXPERIMENTOS/Lovdog_Swampland/VacuaFound_17022026/ExportedPlots/dS/plot_CSV-17_E-82.pdf
 create mode 100644 EXPERIMENTOS/Lovdog_Swampland/VacuaFound_17022026/ExportedPlots/dS/plot_CSV-17_E-9.pdf
 create mode 100644 EXPERIMENTOS/Lovdog_Swampland/VacuaFound_17022026/ExportedPlots/dS/plot_CSV-17_E-92.pdf
 create mode 100644 EXPERIMENTOS/Lovdog_Swampland/VacuaFound_17022026/ExportedPlots/dS/plot_CSV-17_E-96.pdf
 create mode 100644 EXPERIMENTOS/Lovdog_Swampland/VacuaFound_17022026/ExportedPlots/dS/plot_CSV-17_E-97.pdf
 create mode 100644 EXPERIMENTOS/Lovdog_Swampland/VacuaFound_17022026/ExportedPlots/dS/plot_CSV-17_E-98.pdf
 create mode 100644 EXPERIMENTOS/Lovdog_Swampland/VacuaFound_17022026/ExportedPlots/dS/plot_CSV-18_E-61.pdf
 create mode 100644 EXPERIMENTOS/Lovdog_Swampland/VacuaFound_17022026/ExportedPlots/dS/plot_CSV-19_E-17.pdf
 create mode 100644 EXPERIMENTOS/Lovdog_Swampland/VacuaFound_17022026/ExportedPlots/dS/plot_CSV-19_E-23.pdf
 create mode 100644 EXPERIMENTOS/Lovdog_Swampland/VacuaFound_17022026/ExportedPlots/dS/plot_CSV-19_E-3.pdf
 create mode 100644 EXPERIMENTOS/Lovdog_Swampland/VacuaFound_17022026/ExportedPlots/dS/plot_CSV-19_E-32.pdf
 create mode 100644 EXPERIMENTOS/Lovdog_Swampland/VacuaFound_17022026/ExportedPlots/dS/plot_CSV-19_E-35.pdf
 create mode 100644 EXPERIMENTOS/Lovdog_Swampland/VacuaFound_17022026/ExportedPlots/dS/plot_CSV-19_E-37.pdf
 create mode 100644 EXPERIMENTOS/Lovdog_Swampland/VacuaFound_17022026/ExportedPlots/dS/plot_CSV-19_E-40.pdf
 create mode 100644 EXPERIMENTOS/Lovdog_Swampland/VacuaFound_17022026/ExportedPlots/dS/plot_CSV-19_E-41.pdf
 create mode 100644 EXPERIMENTOS/Lovdog_Swampland/VacuaFound_17022026/ExportedPlots/dS/plot_CSV-19_E-42.pdf
 create mode 100644 EXPERIMENTOS/Lovdog_Swampland/VacuaFound_17022026/ExportedPlots/dS/plot_CSV-19_E-43.pdf
 create mode 100644 EXPERIMENTOS/Lovdog_Swampland/VacuaFound_17022026/ExportedPlots/dS/plot_CSV-19_E-48.pdf
 create mode 100644 EXPERIMENTOS/Lovdog_Swampland/VacuaFound_17022026/ExportedPlots/dS/plot_CSV-19_E-5.pdf
 create mode 100644 EXPERIMENTOS/Lovdog_Swampland/VacuaFound_17022026/ExportedPlots/dS/plot_CSV-19_E-51.pdf
 create mode 100644 EXPERIMENTOS/Lovdog_Swampland/VacuaFound_17022026/ExportedPlots/dS/plot_CSV-19_E-53.pdf
 create mode 100644 EXPERIMENTOS/Lovdog_Swampland/VacuaFound_17022026/ExportedPlots/dS/plot_CSV-19_E-54.pdf
 create mode 100644 EXPERIMENTOS/Lovdog_Swampland/VacuaFound_17022026/ExportedPlots/dS/plot_CSV-19_E-58.pdf
 create mode 100644 EXPERIMENTOS/Lovdog_Swampland/VacuaFound_17022026/ExportedPlots/dS/plot_CSV-19_E-59.pdf
 create mode 100644 EXPERIMENTOS/Lovdog_Swampland/VacuaFound_17022026/ExportedPlots/dS/plot_CSV-19_E-61.pdf
 create mode 100644 EXPERIMENTOS/Lovdog_Swampland/VacuaFound_17022026/ExportedPlots/dS/plot_CSV-19_E-62.pdf
 create mode 100644 EXPERIMENTOS/Lovdog_Swampland/VacuaFound_17022026/ExportedPlots/dS/plot_CSV-19_E-63.pdf
 create mode 100644 EXPERIMENTOS/Lovdog_Swampland/VacuaFound_17022026/ExportedPlots/dS/plot_CSV-19_E-73.pdf
 create mode 100644 EXPERIMENTOS/Lovdog_Swampland/VacuaFound_17022026/ExportedPlots/dS/plot_CSV-19_E-79.pdf
 create mode 100644 EXPERIMENTOS/Lovdog_Swampland/VacuaFound_17022026/ExportedPlots/dS/plot_CSV-19_E-81.pdf
 create mode 100644 EXPERIMENTOS/Lovdog_Swampland/VacuaFound_17022026/ExportedPlots/dS/plot_CSV-19_E-84.pdf
 create mode 100644 EXPERIMENTOS/Lovdog_Swampland/VacuaFound_17022026/ExportedPlots/dS/plot_CSV-19_E-91.pdf
 create mode 100644 EXPERIMENTOS/Lovdog_Swampland/VacuaFound_17022026/ExportedPlots/dS/plot_CSV-19_E-93.pdf
 create mode 100644 EXPERIMENTOS/Lovdog_Swampland/VacuaFound_17022026/ExportedPlots/dS/plot_CSV-19_E-96.pdf
 create mode 100644 EXPERIMENTOS/Lovdog_Swampland/VacuaFound_17022026/ExportedPlots/dS/plot_CSV-8_E-61.pdf
 create mode 100644 EXPERIMENTOS/Lovdog_Swampland/VacuaFound_17022026/ExportedPlots/dS/plot_CSV-8_E-96.pdf
 create mode 100644 EXPERIMENTOS/Lovdog_Swampland/VacuaFound_17022026/ExportedPlots/dS/plot_CSV-9_E-20.pdf
 create mode 100644 EXPERIMENTOS/Lovdog_Swampland/VacuaFound_17022026/ExportedPlots/dS/plot_CSV-9_E-23.pdf
 create mode 100644 EXPERIMENTOS/Lovdog_Swampland/VacuaFound_17022026/ExportedPlots/dS/plot_CSV-9_E-35.pdf
 create mode 100644 EXPERIMENTOS/Lovdog_Swampland/VacuaFound_17022026/ExportedPlots/dS/plot_CSV-9_E-36.pdf
 create mode 100644 EXPERIMENTOS/Lovdog_Swampland/VacuaFound_17022026/ExportedPlots/dS/plot_CSV-9_E-39.pdf
 create mode 100644 EXPERIMENTOS/Lovdog_Swampland/VacuaFound_17022026/ExportedPlots/dS/plot_CSV-9_E-44.pdf
 create mode 100644 EXPERIMENTOS/Lovdog_Swampland/VacuaFound_17022026/ExportedPlots/dS/plot_CSV-9_E-45.pdf
 create mode 100644 EXPERIMENTOS/Lovdog_Swampland/VacuaFound_17022026/ExportedPlots/dS/plot_CSV-9_E-47.pdf
 create mode 100644 EXPERIMENTOS/Lovdog_Swampland/VacuaFound_17022026/ExportedPlots/dS/plot_CSV-9_E-78.pdf
 create mode 100644 EXPERIMENTOS/Lovdog_Swampland/VacuaFound_17022026/ExportedPlots/dS/plot_CSV-9_E-92.pdf
 create mode 100644 EXPERIMENTOS/Lovdog_Swampland/VacuaFound_17022026/ExportedPlots/dS/plot_CSV-9_E-93.pdf
 create mode 100644 EXPERIMENTOS/handmade-plots/fixed-s-t-paper.qtplt
 create mode 100644 log.log
 create mode 100644 logSaveChanges.sh_09032026160701.log
 create mode 100644 log_SaveChanges.sh_09032026164731.log
