[volky d8540f1] Hurry changes 2026-03-09 16:07:01
 68 files changed, 139 insertions(+)
 create mode 100644 EXPERIMENTOS/Lovdog_Swampland/VacuaFound_17022026/ExportedPlots/AdS/plot_CSV-17_E-48.pdf
 create mode 100644 EXPERIMENTOS/Lovdog_Swampland/VacuaFound_17022026/ExportedPlots/AdS/plot_CSV-17_E-66.pdf
 create mode 100644 EXPERIMENTOS/Lovdog_Swampland/VacuaFound_17022026/ExportedPlots/AdS/plot_CSV-17_E-84.pdf
 create mode 100644 EXPERIMENTOS/Lovdog_Swampland/VacuaFound_17022026/ExportedPlots/AdS/plot_CSV-17_E-85.pdf
 create mode 100644 EXPERIMENTOS/Lovdog_Swampland/VacuaFound_17022026/ExportedPlots/AdS/plot_CSV-17_E-94.pdf
 create mode 100644 EXPERIMENTOS/Lovdog_Swampland/VacuaFound_17022026/ExportedPlots/AdS/plot_CSV-18_E-2.pdf
 create mode 100644 EXPERIMENTOS/Lovdog_Swampland/VacuaFound_17022026/ExportedPlots/AdS/plot_CSV-18_E-26.pdf
 create mode 100644 EXPERIMENTOS/Lovdog_Swampland/VacuaFound_17022026/ExportedPlots/AdS/plot_CSV-18_E-27.pdf
 create mode 100644 EXPERIMENTOS/Lovdog_Swampland/VacuaFound_17022026/ExportedPlots/AdS/plot_CSV-18_E-72.pdf
 create mode 100644 EXPERIMENTOS/Lovdog_Swampland/VacuaFound_17022026/ExportedPlots/AdS/plot_CSV-18_E-75.pdf
 create mode 100644 EXPERIMENTOS/Lovdog_Swampland/VacuaFound_17022026/ExportedPlots/AdS/plot_CSV-18_E-95.pdf
 create mode 100644 EXPERIMENTOS/Lovdog_Swampland/VacuaFound_17022026/ExportedPlots/AdS/plot_CSV-19_E-10.pdf
 create mode 100644 EXPERIMENTOS/Lovdog_Swampland/VacuaFound_17022026/ExportedPlots/AdS/plot_CSV-19_E-18.pdf
 create mode 100644 EXPERIMENTOS/Lovdog_Swampland/VacuaFound_17022026/ExportedPlots/AdS/plot_CSV-19_E-30.pdf
 create mode 100644 EXPERIMENTOS/Lovdog_Swampland/VacuaFound_17022026/ExportedPlots/AdS/plot_CSV-19_E-88.pdf
 create mode 100644 EXPERIMENTOS/Lovdog_Swampland/VacuaFound_17022026/ExportedPlots/AdS/plot_CSV-20_E-26.pdf
 create mode 100644 EXPERIMENTOS/Lovdog_Swampland/VacuaFound_17022026/ExportedPlots/AdS/plot_CSV-20_E-87.pdf
 create mode 100644 EXPERIMENTOS/Lovdog_Swampland/VacuaFound_17022026/ExportedPlots/dS/plot_CSV-17_E-49.pdf
 create mode 100644 EXPERIMENTOS/Lovdog_Swampland/VacuaFound_17022026/ExportedPlots/dS/plot_CSV-17_E-51.pdf
 create mode 100644 EXPERIMENTOS/Lovdog_Swampland/VacuaFound_17022026/ExportedPlots/dS/plot_CSV-17_E-52.pdf
 create mode 100644 EXPERIMENTOS/Lovdog_Swampland/VacuaFound_17022026/ExportedPlots/dS/plot_CSV-17_E-53.pdf
 create mode 100644 EXPERIMENTOS/Lovdog_Swampland/VacuaFound_17022026/ExportedPlots/dS/plot_CSV-17_E-59.pdf
 create mode 100644 EXPERIMENTOS/Lovdog_Swampland/VacuaFound_17022026/ExportedPlots/dS/plot_CSV-17_E-60.pdf
 create mode 100644 EXPERIMENTOS/Lovdog_Swampland/VacuaFound_17022026/ExportedPlots/dS/plot_CSV-17_E-61.pdf
 create mode 100644 EXPERIMENTOS/Lovdog_Swampland/VacuaFound_17022026/ExportedPlots/dS/plot_CSV-17_E-62.pdf
 create mode 100644 EXPERIMENTOS/Lovdog_Swampland/VacuaFound_17022026/ExportedPlots/dS/plot_CSV-17_E-73.pdf
 create mode 100644 EXPERIMENTOS/Lovdog_Swampland/VacuaFound_17022026/ExportedPlots/dS/plot_CSV-17_E-78.pdf
 create mode 100644 EXPERIMENTOS/Lovdog_Swampland/VacuaFound_17022026/ExportedPlots/dS/plot_CSV-17_E-82.pdf
 create mode 100644 EXPERIMENTOS/Lovdog_Swampland/VacuaFound_17022026/ExportedPlots/dS/plot_CSV-17_E-92.pdf
 create mode 100644 EXPERIMENTOS/Lovdog_Swampland/VacuaFound_17022026/ExportedPlots/dS/plot_CSV-17_E-96.pdf
 create mode 100644 EXPERIMENTOS/Lovdog_Swampland/VacuaFound_17022026/ExportedPlots/dS/plot_CSV-17_E-97.pdf
 create mode 100644 EXPERIMENTOS/Lovdog_Swampland/VacuaFound_17022026/ExportedPlots/dS/plot_CSV-17_E-98.pdf
 create mode 100644 EXPERIMENTOS/Lovdog_Swampland/VacuaFound_17022026/ExportedPlots/dS/plot_CSV-18_E-61.pdf
 create mode 100644 EXPERIMENTOS/Lovdog_Swampland/VacuaFound_17022026/ExportedPlots/dS/plot_CSV-19_E-17.pdf
 create mode 100644 EXPERIMENTOS/Lovdog_Swampland/VacuaFound_17022026/ExportedPlots/dS/plot_CSV-19_E-23.pdf
 create mode 100644 EXPERIMENTOS/Lovdog_Swampland/VacuaFound_17022026/ExportedPlots/dS/plot_CSV-19_E-3.pdf
 create mode 100644 EXPERIMENTOS/Lovdog_Swampland/VacuaFound_17022026/ExportedPlots/dS/plot_CSV-19_E-32.pdf
 create mode 100644 EXPERIMENTOS/Lovdog_Swampland/VacuaFound_17022026/ExportedPlots/dS/plot_CSV-19_E-35.pdf
 create mode 100644 EXPERIMENTOS/Lovdog_Swampland/VacuaFound_17022026/ExportedPlots/dS/plot_CSV-19_E-37.pdf
 create mode 100644 EXPERIMENTOS/Lovdog_Swampland/VacuaFound_17022026/ExportedPlots/dS/plot_CSV-19_E-40.pdf
 create mode 100644 EXPERIMENTOS/Lovdog_Swampland/VacuaFound_17022026/ExportedPlots/dS/plot_CSV-19_E-41.pdf
 create mode 100644 EXPERIMENTOS/Lovdog_Swampland/VacuaFound_17022026/ExportedPlots/dS/plot_CSV-19_E-42.pdf
 create mode 100644 EXPERIMENTOS/Lovdog_Swampland/VacuaFound_17022026/ExportedPlots/dS/plot_CSV-19_E-43.pdf
 create mode 100644 EXPERIMENTOS/Lovdog_Swampland/VacuaFound_17022026/ExportedPlots/dS/plot_CSV-19_E-48.pdf
 create mode 100644 EXPERIMENTOS/Lovdog_Swampland/VacuaFound_17022026/ExportedPlots/dS/plot_CSV-19_E-5.pdf
 create mode 100644 EXPERIMENTOS/Lovdog_Swampland/VacuaFound_17022026/ExportedPlots/dS/plot_CSV-19_E-51.pdf
 create mode 100644 EXPERIMENTOS/Lovdog_Swampland/VacuaFound_17022026/ExportedPlots/dS/plot_CSV-19_E-53.pdf
 create mode 100644 EXPERIMENTOS/Lovdog_Swampland/VacuaFound_17022026/ExportedPlots/dS/plot_CSV-19_E-54.pdf
 create mode 100644 EXPERIMENTOS/Lovdog_Swampland/VacuaFound_17022026/ExportedPlots/dS/plot_CSV-19_E-58.pdf
 create mode 100644 EXPERIMENTOS/Lovdog_Swampland/VacuaFound_17022026/ExportedPlots/dS/plot_CSV-19_E-59.pdf
 create mode 100644 EXPERIMENTOS/Lovdog_Swampland/VacuaFound_17022026/ExportedPlots/dS/plot_CSV-19_E-61.pdf
 create mode 100644 EXPERIMENTOS/Lovdog_Swampland/VacuaFound_17022026/ExportedPlots/dS/plot_CSV-19_E-62.pdf
 create mode 100644 EXPERIMENTOS/Lovdog_Swampland/VacuaFound_17022026/ExportedPlots/dS/plot_CSV-19_E-63.pdf
 create mode 100644 EXPERIMENTOS/Lovdog_Swampland/VacuaFound_17022026/ExportedPlots/dS/plot_CSV-19_E-73.pdf
 create mode 100644 EXPERIMENTOS/Lovdog_Swampland/VacuaFound_17022026/ExportedPlots/dS/plot_CSV-19_E-79.pdf
 create mode 100644 EXPERIMENTOS/Lovdog_Swampland/VacuaFound_17022026/ExportedPlots/dS/plot_CSV-19_E-81.pdf
 create mode 100644 EXPERIMENTOS/Lovdog_Swampland/VacuaFound_17022026/ExportedPlots/dS/plot_CSV-19_E-84.pdf
 create mode 100644 EXPERIMENTOS/Lovdog_Swampland/VacuaFound_17022026/ExportedPlots/dS/plot_CSV-19_E-91.pdf
 create mode 100644 EXPERIMENTOS/Lovdog_Swampland/VacuaFound_17022026/ExportedPlots/dS/plot_CSV-19_E-93.pdf
 create mode 100644 EXPERIMENTOS/Lovdog_Swampland/VacuaFound_17022026/ExportedPlots/dS/plot_CSV-19_E-96.pdf
 create mode 100644 logSaveChanges.sh_09032026160701.log
